2025-11-25 11:45:52,762 - INFO - Training configuration:
2025-11-25 11:45:52,763 - INFO - config: None
2025-11-25 11:45:52,763 - INFO - seed: 2024
2025-11-25 11:45:52,763 - INFO - num_workers: 16
2025-11-25 11:45:52,763 - INFO - log_dir: log/ViT-B/16/office_home/Art2Clipart/2025_11_25_11_45_49
2025-11-25 11:45:52,763 - INFO - model_name: ViT-B/16
2025-11-25 11:45:52,763 - INFO - datasets: office_home
2025-11-25 11:45:52,763 - INFO - num_class: 65
2025-11-25 11:45:52,763 - INFO - data_dir: /root/OfficeHomeDataset_10072016
2025-11-25 11:45:52,763 - INFO - src_domain: Art
2025-11-25 11:45:52,763 - INFO - tgt_domain: Clipart
2025-11-25 11:45:52,763 - INFO - vlm_text: blip3
2025-11-25 11:45:52,763 - INFO - batch_size: 32
2025-11-25 11:45:52,763 - INFO - label_smoothing: 0.1
2025-11-25 11:45:52,763 - INFO - max_iter: 10000
2025-11-25 11:45:52,763 - INFO - eval_every: 500
2025-11-25 11:45:52,763 - INFO - lr: 3e-06
2025-11-25 11:45:52,763 - INFO - momentum: 0.9
2025-11-25 11:45:52,763 - INFO - weight_decay: 0.0005
2025-11-25 11:45:52,763 - INFO - multiple_lr_classifier: 1000
2025-11-25 11:45:52,763 - INFO - lambda1: 0.25
2025-11-25 11:45:52,763 - INFO - lambda2: 0.1
2025-11-25 11:45:52,763 - INFO - lambda3: 0.025
2025-11-25 11:45:52,763 - INFO - scheduler: True
2025-11-25 11:45:52,763 - INFO - lr_gamma: 0.0003
2025-11-25 11:45:52,763 - INFO - lr_decay: 0.75
2025-11-25 11:45:52,763 - INFO - alpha: 0.05
2025-11-25 11:45:52,763 - INFO - beta: 0.5
2025-11-25 11:45:52,763 - INFO - fuse_mode: True
2025-11-25 11:45:52,763 - INFO - device: cuda
2025-11-25 11:45:52,763 - INFO - classnames: ['Alarm_Clock', 'Backpack', 'Batteries', 'Bed', 'Bike', 'Bottle', 'Bucket', 'Calculator', 'Calendar', 'Candles', 'Chair', 'Clipboards', 'Computer', 'Couch', 'Curtains', 'Desk_Lamp', 'Drill', 'Eraser', 'Exit_Sign', 'Fan', 'File_Cabinet', 'Flipflops', 'Flowers', 'Folder', 'Fork', 'Glasses', 'Hammer', 'Helmet', 'Kettle', 'Keyboard', 'Knives', 'Lamp_Shade', 'Laptop', 'Marker', 'Monitor', 'Mop', 'Mouse', 'Mug', 'Notebook', 'Oven', 'Pan', 'Paper_Clip', 'Pen', 'Pencil', 'Postit_Notes', 'Printer', 'Push_Pin', 'Radio', 'Refrigerator', 'Ruler', 'Scissors', 'Screwdriver', 'Shelf', 'Sink', 'Sneakers', 'Soda', 'Speaker', 'Spoon', 'TV', 'Table', 'Telephone', 'ToothBrush', 'Toys', 'Trash_Can', 'Webcam']
2025-11-25 11:45:52,763 - INFO - script_name: train_imcapfusiondac.py
2025-11-25 11:45:58,832 - INFO - CLIP Zero-Shot Acc: 71.32
2025-11-25 11:47:05,288 - INFO - Iter Step: 499/10000, cls_loss:0.16 transfer_loss: 0.16, total_Loss: 1.76, test_loss 0.66, test_acc_fc: 85.27,  test_acc_clip: 73.95
2025-11-25 11:48:13,180 - INFO - Iter Step: 999/10000, cls_loss:0.23 transfer_loss: 0.23, total_Loss: 1.73, test_loss 0.58, test_acc_fc: 86.62,  test_acc_clip: 75.72
2025-11-25 11:49:19,842 - INFO - Iter Step: 1499/10000, cls_loss:0.18 transfer_loss: 0.18, total_Loss: 1.33, test_loss 0.54, test_acc_fc: 87.58,  test_acc_clip: 76.66
2025-11-25 11:50:26,185 - INFO - Iter Step: 1999/10000, cls_loss:0.24 transfer_loss: 0.24, total_Loss: 1.41, test_loss 0.51, test_acc_fc: 88.18,  test_acc_clip: 77.55
2025-11-25 11:51:33,654 - INFO - Iter Step: 2499/10000, cls_loss:0.41 transfer_loss: 0.41, total_Loss: 1.57, test_loss 0.50, test_acc_fc: 88.45,  test_acc_clip: 78.12
2025-11-25 11:52:39,005 - INFO - Iter Step: 2999/10000, cls_loss:0.46 transfer_loss: 0.46, total_Loss: 1.65, test_loss 0.49, test_acc_fc: 88.77,  test_acc_clip: 78.69
2025-11-25 11:53:46,664 - INFO - Iter Step: 3499/10000, cls_loss:0.43 transfer_loss: 0.43, total_Loss: 1.56, test_loss 0.50, test_acc_fc: 88.77,  test_acc_clip: 79.22
2025-11-25 11:54:55,271 - INFO - Iter Step: 3999/10000, cls_loss:0.50 transfer_loss: 0.50, total_Loss: 1.65, test_loss 0.50, test_acc_fc: 88.98,  test_acc_clip: 79.61
2025-11-25 11:56:03,419 - INFO - Iter Step: 4499/10000, cls_loss:0.39 transfer_loss: 0.39, total_Loss: 1.50, test_loss 0.50, test_acc_fc: 89.12,  test_acc_clip: 80.09
2025-11-25 11:57:10,860 - INFO - Iter Step: 4999/10000, cls_loss:0.41 transfer_loss: 0.41, total_Loss: 1.41, test_loss 0.52, test_acc_fc: 88.93,  test_acc_clip: 80.50
2025-11-25 11:58:19,565 - INFO - Iter Step: 5499/10000, cls_loss:0.58 transfer_loss: 0.58, total_Loss: 1.72, test_loss 0.52, test_acc_fc: 89.12,  test_acc_clip: 80.71
2025-11-25 11:59:26,632 - INFO - Iter Step: 5999/10000, cls_loss:0.49 transfer_loss: 0.49, total_Loss: 1.56, test_loss 0.53, test_acc_fc: 89.26,  test_acc_clip: 80.99
