2025-11-25 11:59:58,591 - INFO - Training configuration:
2025-11-25 11:59:58,591 - INFO - config: None
2025-11-25 11:59:58,591 - INFO - seed: 2024
2025-11-25 11:59:58,591 - INFO - num_workers: 16
2025-11-25 11:59:58,591 - INFO - log_dir: log/ViT-B/16/office_home/Art2Clipart/2025_11_25_11_59_55
2025-11-25 11:59:58,591 - INFO - model_name: ViT-B/16
2025-11-25 11:59:58,591 - INFO - datasets: office_home
2025-11-25 11:59:58,591 - INFO - num_class: 65
2025-11-25 11:59:58,591 - INFO - data_dir: /root/OfficeHomeDataset_10072016
2025-11-25 11:59:58,591 - INFO - src_domain: Art
2025-11-25 11:59:58,591 - INFO - tgt_domain: Clipart
2025-11-25 11:59:58,591 - INFO - vlm_text: blip3
2025-11-25 11:59:58,591 - INFO - batch_size: 32
2025-11-25 11:59:58,591 - INFO - label_smoothing: 0.1
2025-11-25 11:59:58,591 - INFO - max_iter: 10000
2025-11-25 11:59:58,591 - INFO - eval_every: 500
2025-11-25 11:59:58,591 - INFO - lr: 3e-06
2025-11-25 11:59:58,591 - INFO - momentum: 0.9
2025-11-25 11:59:58,591 - INFO - weight_decay: 0.0005
2025-11-25 11:59:58,591 - INFO - multiple_lr_classifier: 1000
2025-11-25 11:59:58,591 - INFO - lambda1: 0.25
2025-11-25 11:59:58,591 - INFO - lambda2: 0.1
2025-11-25 11:59:58,591 - INFO - lambda3: 0.025
2025-11-25 11:59:58,591 - INFO - scheduler: True
2025-11-25 11:59:58,591 - INFO - lr_gamma: 0.0003
2025-11-25 11:59:58,591 - INFO - lr_decay: 0.75
2025-11-25 11:59:58,591 - INFO - alpha: 0.05
2025-11-25 11:59:58,591 - INFO - beta: 0.5
2025-11-25 11:59:58,592 - INFO - lambda_: 1.0
2025-11-25 11:59:58,592 - INFO - fuse_mode: False
2025-11-25 11:59:58,592 - INFO - device: cuda
2025-11-25 11:59:58,592 - INFO - classnames: ['Alarm_Clock', 'Backpack', 'Batteries', 'Bed', 'Bike', 'Bottle', 'Bucket', 'Calculator', 'Calendar', 'Candles', 'Chair', 'Clipboards', 'Computer', 'Couch', 'Curtains', 'Desk_Lamp', 'Drill', 'Eraser', 'Exit_Sign', 'Fan', 'File_Cabinet', 'Flipflops', 'Flowers', 'Folder', 'Fork', 'Glasses', 'Hammer', 'Helmet', 'Kettle', 'Keyboard', 'Knives', 'Lamp_Shade', 'Laptop', 'Marker', 'Monitor', 'Mop', 'Mouse', 'Mug', 'Notebook', 'Oven', 'Pan', 'Paper_Clip', 'Pen', 'Pencil', 'Postit_Notes', 'Printer', 'Push_Pin', 'Radio', 'Refrigerator', 'Ruler', 'Scissors', 'Screwdriver', 'Shelf', 'Sink', 'Sneakers', 'Soda', 'Speaker', 'Spoon', 'TV', 'Table', 'Telephone', 'ToothBrush', 'Toys', 'Trash_Can', 'Webcam']
2025-11-25 11:59:58,592 - INFO - script_name: train_imcapda.py
2025-11-25 12:00:03,762 - INFO - CLIP Zero-Shot Acc: 71.32
2025-11-25 12:01:09,653 - INFO - Iter Step: 499/10000, cls_loss:0.16 transfer_loss: 0.16, total_Loss: 1.78, test_loss 0.97, test_acc_fc: 75.17, test_acc_clip: 74.82
2025-11-25 12:02:17,156 - INFO - Iter Step: 999/10000, cls_loss:0.24 transfer_loss: 0.24, total_Loss: 1.67, test_loss 0.85, test_acc_fc: 77.92, test_acc_clip: 76.11
2025-11-25 12:03:23,994 - INFO - Iter Step: 1499/10000, cls_loss:0.17 transfer_loss: 0.17, total_Loss: 1.36, test_loss 0.79, test_acc_fc: 79.50, test_acc_clip: 77.04
2025-11-25 12:04:30,760 - INFO - Iter Step: 1999/10000, cls_loss:0.36 transfer_loss: 0.36, total_Loss: 1.62, test_loss 0.76, test_acc_fc: 80.41, test_acc_clip: 77.94
2025-11-25 12:05:38,586 - INFO - Iter Step: 2499/10000, cls_loss:0.21 transfer_loss: 0.21, total_Loss: 1.36, test_loss 0.74, test_acc_fc: 81.12, test_acc_clip: 78.65
2025-11-25 12:06:44,771 - INFO - Iter Step: 2999/10000, cls_loss:0.42 transfer_loss: 0.42, total_Loss: 1.59, test_loss 0.75, test_acc_fc: 81.88, test_acc_clip: 79.29
2025-11-25 12:07:51,131 - INFO - Iter Step: 3499/10000, cls_loss:0.38 transfer_loss: 0.38, total_Loss: 1.60, test_loss 0.76, test_acc_fc: 82.11, test_acc_clip: 79.66
2025-11-25 12:08:58,000 - INFO - Iter Step: 3999/10000, cls_loss:0.55 transfer_loss: 0.55, total_Loss: 1.84, test_loss 0.78, test_acc_fc: 82.18, test_acc_clip: 80.14
2025-11-25 12:10:04,730 - INFO - Iter Step: 4499/10000, cls_loss:0.55 transfer_loss: 0.55, total_Loss: 1.69, test_loss 0.79, test_acc_fc: 82.22, test_acc_clip: 80.27
2025-11-25 12:11:11,159 - INFO - Iter Step: 4999/10000, cls_loss:0.59 transfer_loss: 0.59, total_Loss: 1.74, test_loss 0.80, test_acc_fc: 82.47, test_acc_clip: 80.73
2025-11-25 12:12:18,336 - INFO - Iter Step: 5499/10000, cls_loss:0.54 transfer_loss: 0.54, total_Loss: 1.67, test_loss 0.83, test_acc_fc: 82.11, test_acc_clip: 80.76
2025-11-25 12:13:24,866 - INFO - Iter Step: 5999/10000, cls_loss:0.85 transfer_loss: 0.85, total_Loss: 2.02, test_loss 0.84, test_acc_fc: 82.84, test_acc_clip: 80.85
2025-11-25 12:14:31,061 - INFO - Iter Step: 6499/10000, cls_loss:0.68 transfer_loss: 0.68, total_Loss: 1.79, test_loss 0.84, test_acc_fc: 82.84, test_acc_clip: 81.28
2025-11-25 12:15:38,606 - INFO - Iter Step: 6999/10000, cls_loss:0.61 transfer_loss: 0.61, total_Loss: 1.78, test_loss 0.87, test_acc_fc: 82.68, test_acc_clip: 81.24
2025-11-25 12:16:44,753 - INFO - Iter Step: 7499/10000, cls_loss:0.75 transfer_loss: 0.75, total_Loss: 1.87, test_loss 0.88, test_acc_fc: 82.79, test_acc_clip: 81.28
2025-11-25 12:17:51,071 - INFO - Iter Step: 7999/10000, cls_loss:0.81 transfer_loss: 0.81, total_Loss: 1.90, test_loss 0.89, test_acc_fc: 82.45, test_acc_clip: 81.49
2025-11-25 12:18:58,480 - INFO - Iter Step: 8499/10000, cls_loss:0.72 transfer_loss: 0.72, total_Loss: 1.74, test_loss 0.90, test_acc_fc: 82.59, test_acc_clip: 81.49
2025-11-25 12:20:04,632 - INFO - Iter Step: 8999/10000, cls_loss:0.81 transfer_loss: 0.81, total_Loss: 1.92, test_loss 0.91, test_acc_fc: 82.63, test_acc_clip: 81.74
2025-11-25 12:21:11,278 - INFO - Iter Step: 9499/10000, cls_loss:0.91 transfer_loss: 0.91, total_Loss: 1.96, test_loss 0.92, test_acc_fc: 82.96, test_acc_clip: 82.02
2025-11-25 12:22:17,530 - INFO - Iter Step: 9999/10000, cls_loss:0.88 transfer_loss: 0.88, total_Loss: 1.97, test_loss 0.94, test_acc_fc: 82.75, test_acc_clip: 81.95
2025-11-25 12:22:18,532 - INFO - Best Accuracy: 82.96
